
Anura3D: Numerical modelling and simulation of large deformationsand soil–water–structure interaction using the material point method (MPM)
Kernel name       : Anura3D_2024.exe
Kernel version    : 2024.1.0.10179
Last update date  : 2024-06-26 15:36:42 +0200 (Wed, 26 Jun 2024)
Last compiled date: 2024-06-27 16:03:50.850

Project name: 22_Slope_Simulation
Reading CPS file: 22_Slope_Simulation.CPS_012
Reading... ### Anura3D_2021 ###
[WARNING] : (time step:      1) CPS file: $$MAXIMUM_TIME_STEPS is larger than 100 000.
[WARNING] : (time step:      1) Unknown flag in CPS file: $$UPDATE_PERMEABILITY_DARCY_ERGUN
Reading MAT_INFO file (Materials): 22_Slope_Simulation.MAT_INFO
Reading... ### Anura3D_2022 ###
[WARNING] : (time step:      1) GOM file: Non-default value for $$BULK_MODULUS_LIQUID (MATERIAL: ESM_MCSS).
Darcy permeability is    0.1000E-002 (MATERIAL: ESM_MCSS).
Loading constitutive model... external_soil_model
[WARNING] : (time step:      1) GOM file: Non-default value for $$BULK_MODULUS_LIQUID (MATERIAL: ESM_MCSS).
Darcy permeability is    0.1000E-002 (MATERIAL: ESM_MCSS).
Loading constitutive model... external_soil_model
Reading GOM file (Geometry): 22_Slope_Simulation.GOM
Reading... ### Anura3D_2024 ###
Calculation of load step     12
 MaxWaveSpeed :    0.9052E+003
 MinTimeStep  :    0.4139E-003
 TimeIncrement:    0.3725E-003
Calculation of load step     13
 MaxWaveSpeed :    0.9052E+003
 MinTimeStep  :    0.4139E-003
 TimeIncrement:    0.3725E-003
Calculation of load step     14
 MaxWaveSpeed :    0.9052E+003
 MinTimeStep  :    0.4139E-003
 TimeIncrement:    0.3725E-003
Calculation of load step     15
 MaxWaveSpeed :    0.9053E+003
 MinTimeStep  :    0.4139E-003
 TimeIncrement:    0.3725E-003
Calculation of load step     16
 MaxWaveSpeed :    0.9053E+003
 MinTimeStep  :    0.4139E-003
 TimeIncrement:    0.3725E-003
Calculation of load step     17
 MaxWaveSpeed :    0.9052E+003
 MinTimeStep  :    0.4139E-003
 TimeIncrement:    0.3725E-003
Calculation of load step     18
 MaxWaveSpeed :    0.9052E+003
 MinTimeStep  :    0.4139E-003
 TimeIncrement:    0.3725E-003
Calculation of load step     19
 MaxWaveSpeed :    0.9052E+003
 MinTimeStep  :    0.4139E-003
 TimeIncrement:    0.3725E-003
Calculation of load step     20
 MaxWaveSpeed :    0.9052E+003
 MinTimeStep  :    0.4139E-003
 TimeIncrement:    0.3725E-003
Calculation of load step     21
 MaxWaveSpeed :    0.9052E+003
 MinTimeStep  :    0.4139E-003
 TimeIncrement:    0.3725E-003
Calculation of load step     22
 MaxWaveSpeed :    0.9052E+003
 MinTimeStep  :    0.4139E-003
 TimeIncrement:    0.3725E-003
Calculation of load step     23
 MaxWaveSpeed :    0.9052E+003
 MinTimeStep  :    0.4139E-003
 TimeIncrement:    0.3725E-003
Calculation of load step     24
 MaxWaveSpeed :    0.9052E+003
 MinTimeStep  :    0.4139E-003
 TimeIncrement:    0.3725E-003
Calculation of load step     25
 MaxWaveSpeed :    0.9052E+003
 MinTimeStep  :    0.4139E-003
 TimeIncrement:    0.3725E-003
Calculation of load step     26
 MaxWaveSpeed :    0.9052E+003
 MinTimeStep  :    0.4139E-003
 TimeIncrement:    0.3725E-003
Calculation of load step     27
 MaxWaveSpeed :    0.9052E+003
 MinTimeStep  :    0.4139E-003
 TimeIncrement:    0.3725E-003
Calculation of load step     28
 MaxWaveSpeed :    0.9052E+003
 MinTimeStep  :    0.4139E-003
 TimeIncrement:    0.3725E-003
Calculation of load step     29
 MaxWaveSpeed :    0.9052E+003
 MinTimeStep  :    0.4139E-003
 TimeIncrement:    0.3725E-003
Calculation of load step     30
 MaxWaveSpeed :    0.9052E+003
 MinTimeStep  :    0.4139E-003
 TimeIncrement:    0.3725E-003
Calculation of load step     31
 MaxWaveSpeed :    0.9052E+003
 MinTimeStep  :    0.4139E-003
 TimeIncrement:    0.3725E-003
  Item  Name of subroutine/function/procedure        Times Time per call Total time (se Percentage
     1| Main                                    |        1|   0.0000E+000|   0.0000E+000
     2| Initialisation                          |        1|   0.0000E+000|   0.0000E+000
     3| LoadStep                                |       20|   0.7348E+004|   0.1470E+006
     4| WriteResults                            |       20|   0.1406E+003|   0.2811E+004
Calculation finished.
