
Anura3D: Numerical modelling and simulation of large deformationsand soil–water–structure interaction using the material point method (MPM)
Kernel name       : Anura3D_2024.exe
Kernel version    : 2024.1.0.10179
Last update date  : 2024-06-26 15:36:42 +0200 (Wed, 26 Jun 2024)
Last compiled date: 2024-06-27 16:03:50.850

Project name: 22_Slope_Simulation
Reading CPS file: 22_Slope_Simulation.CPS_032
Reading... ### Anura3D_2021 ###
[WARNING] : (time step:      1) CPS file: $$MAXIMUM_TIME_STEPS is larger than 100 000.
[WARNING] : (time step:      1) Unknown flag in CPS file: $$UPDATE_PERMEABILITY_DARCY_ERGUN
Reading MAT_INFO file (Materials): 22_Slope_Simulation.MAT_INFO
Reading... ### Anura3D_2022 ###
[WARNING] : (time step:      1) GOM file: Non-default value for $$BULK_MODULUS_LIQUID (MATERIAL: ESM_MCSS).
Darcy permeability is    0.1000E-002 (MATERIAL: ESM_MCSS).
Loading constitutive model... external_soil_model
[WARNING] : (time step:      1) GOM file: Non-default value for $$BULK_MODULUS_LIQUID (MATERIAL: ESM_MCSS).
Darcy permeability is    0.1000E-002 (MATERIAL: ESM_MCSS).
Loading constitutive model... external_soil_model
Reading GOM file (Geometry): 22_Slope_Simulation.GOM
Reading... ### Anura3D_2024 ###
Calculation of load step     32
 MaxWaveSpeed :    0.9052E+003
 MinTimeStep  :    0.5520E-003
 TimeIncrement:    0.4968E-003
Calculation of load step     33
 MaxWaveSpeed :    0.9051E+003
 MinTimeStep  :    0.5520E-003
 TimeIncrement:    0.4968E-003
Calculation of load step     34
 MaxWaveSpeed :    0.9051E+003
 MinTimeStep  :    0.5520E-003
 TimeIncrement:    0.4968E-003
Calculation of load step     35
 MaxWaveSpeed :    0.9051E+003
 MinTimeStep  :    0.5520E-003
 TimeIncrement:    0.4968E-003
Calculation of load step     36
 MaxWaveSpeed :    0.9051E+003
 MinTimeStep  :    0.5519E-003
 TimeIncrement:    0.4968E-003
Calculation of load step     37
 MaxWaveSpeed :    0.9051E+003
 MinTimeStep  :    0.5519E-003
 TimeIncrement:    0.4967E-003
Calculation of load step     38
 MaxWaveSpeed :    0.9051E+003
 MinTimeStep  :    0.5519E-003
 TimeIncrement:    0.4967E-003
Calculation of load step     39
 MaxWaveSpeed :    0.9051E+003
 MinTimeStep  :    0.5519E-003
 TimeIncrement:    0.4967E-003
Calculation of load step     40
 MaxWaveSpeed :    0.9051E+003
 MinTimeStep  :    0.5519E-003
 TimeIncrement:    0.4967E-003
Calculation of load step     41
 MaxWaveSpeed :    0.9051E+003
 MinTimeStep  :    0.5519E-003
 TimeIncrement:    0.4967E-003
Calculation of load step     42
 MaxWaveSpeed :    0.9052E+003
 MinTimeStep  :    0.5518E-003
 TimeIncrement:    0.4966E-003
Calculation of load step     43
 MaxWaveSpeed :    0.9052E+003
 MinTimeStep  :    0.5518E-003
 TimeIncrement:    0.4966E-003
Calculation of load step     44
 MaxWaveSpeed :    0.9052E+003
 MinTimeStep  :    0.5518E-003
 TimeIncrement:    0.4966E-003
Calculation of load step     45
 MaxWaveSpeed :    0.9051E+003
 MinTimeStep  :    0.5518E-003
 TimeIncrement:    0.4966E-003
Calculation of load step     46
 MaxWaveSpeed :    0.9051E+003
 MinTimeStep  :    0.5518E-003
 TimeIncrement:    0.4966E-003
Calculation of load step     47
 MaxWaveSpeed :    0.9051E+003
 MinTimeStep  :    0.5518E-003
 TimeIncrement:    0.4966E-003
Calculation of load step     48
 MaxWaveSpeed :    0.9051E+003
 MinTimeStep  :    0.5518E-003
 TimeIncrement:    0.4966E-003
Calculation of load step     49
 MaxWaveSpeed :    0.9052E+003
 MinTimeStep  :    0.5518E-003
 TimeIncrement:    0.4966E-003
Calculation of load step     50
 MaxWaveSpeed :    0.9051E+003
 MinTimeStep  :    0.5516E-003
 TimeIncrement:    0.4965E-003
Calculation of load step     51
 MaxWaveSpeed :    0.9051E+003
 MinTimeStep  :    0.5511E-003
 TimeIncrement:    0.4960E-003
Calculation of load step     52
 MaxWaveSpeed :    0.9051E+003
 MinTimeStep  :    0.5504E-003
 TimeIncrement:    0.4953E-003
Calculation of load step     53
 MaxWaveSpeed :    0.9049E+003
 MinTimeStep  :    0.5499E-003
 TimeIncrement:    0.4949E-003
Calculation of load step     54
 MaxWaveSpeed :    0.9045E+003
 MinTimeStep  :    0.5489E-003
 TimeIncrement:    0.4940E-003
Calculation of load step     55
 MaxWaveSpeed :    0.9053E+003
 MinTimeStep  :    0.5481E-003
 TimeIncrement:    0.4933E-003
Calculation of load step     56
 MaxWaveSpeed :    0.9052E+003
 MinTimeStep  :    0.5468E-003
 TimeIncrement:    0.4921E-003
Calculation of load step     57
 MaxWaveSpeed :    0.9062E+003
 MinTimeStep  :    0.5457E-003
 TimeIncrement:    0.4911E-003
Calculation of load step     58
 MaxWaveSpeed :    0.9056E+003
 MinTimeStep  :    0.5451E-003
 TimeIncrement:    0.4906E-003
Calculation of load step     59
 MaxWaveSpeed :    0.9062E+003
 MinTimeStep  :    0.5435E-003
 TimeIncrement:    0.4891E-003
Calculation of load step     60
 MaxWaveSpeed :    0.9054E+003
 MinTimeStep  :    0.5437E-003
 TimeIncrement:    0.4893E-003
Calculation of load step     61
 MaxWaveSpeed :    0.9066E+003
 MinTimeStep  :    0.5412E-003
 TimeIncrement:    0.4870E-003
Calculation of load step     62
 MaxWaveSpeed :    0.9070E+003
 MinTimeStep  :    0.5425E-003
 TimeIncrement:    0.4882E-003
Calculation of load step     63
 MaxWaveSpeed :    0.9063E+003
 MinTimeStep  :    0.5386E-003
 TimeIncrement:    0.4848E-003
Calculation of load step     64
 MaxWaveSpeed :    0.9063E+003
 MinTimeStep  :    0.5401E-003
 TimeIncrement:    0.4861E-003
Calculation of load step     65
 MaxWaveSpeed :    0.9063E+003
 MinTimeStep  :    0.5263E-003
 TimeIncrement:    0.4737E-003
Calculation of load step     66
 MaxWaveSpeed :    0.9063E+003
 MinTimeStep  :    0.5213E-003
 TimeIncrement:    0.4692E-003
Calculation of load step     67
 MaxWaveSpeed :    0.9063E+003
 MinTimeStep  :    0.5150E-003
 TimeIncrement:    0.4635E-003
Calculation of load step     68
 MaxWaveSpeed :    0.9063E+003
 MinTimeStep  :    0.5166E-003
 TimeIncrement:    0.4650E-003
Calculation of load step     69
 MaxWaveSpeed :    0.9063E+003
 MinTimeStep  :    0.5210E-003
 TimeIncrement:    0.4689E-003
Calculation of load step     70
 MaxWaveSpeed :    0.9063E+003
 MinTimeStep  :    0.5254E-003
 TimeIncrement:    0.4729E-003
Calculation of load step     71
 MaxWaveSpeed :    0.9063E+003
 MinTimeStep  :    0.5300E-003
 TimeIncrement:    0.4770E-003
Calculation of load step     72
 MaxWaveSpeed :    0.9063E+003
 MinTimeStep  :    0.5348E-003
 TimeIncrement:    0.4813E-003
Calculation of load step     73
 MaxWaveSpeed :    0.9063E+003
 MinTimeStep  :    0.5394E-003
 TimeIncrement:    0.4855E-003
Calculation of load step     74
 MaxWaveSpeed :    0.9063E+003
 MinTimeStep  :    0.5404E-003
 TimeIncrement:    0.4863E-003
Calculation of load step     75
 MaxWaveSpeed :    0.9063E+003
 MinTimeStep  :    0.5404E-003
 TimeIncrement:    0.4863E-003
Calculation of load step     76
 MaxWaveSpeed :    0.9063E+003
 MinTimeStep  :    0.5404E-003
 TimeIncrement:    0.4863E-003
Calculation of load step     77
 MaxWaveSpeed :    0.9063E+003
 MinTimeStep  :    0.5404E-003
 TimeIncrement:    0.4864E-003
Calculation of load step     78
 MaxWaveSpeed :    0.9063E+003
 MinTimeStep  :    0.5404E-003
 TimeIncrement:    0.4864E-003
Calculation of load step     79
 MaxWaveSpeed :    0.9063E+003
 MinTimeStep  :    0.5405E-003
 TimeIncrement:    0.4864E-003
Calculation of load step     80
 MaxWaveSpeed :    0.9063E+003
 MinTimeStep  :    0.5405E-003
 TimeIncrement:    0.4864E-003
Calculation of load step     81
 MaxWaveSpeed :    0.9063E+003
 MinTimeStep  :    0.5405E-003
 TimeIncrement:    0.4864E-003
Calculation of load step     82
 MaxWaveSpeed :    0.9063E+003
 MinTimeStep  :    0.5405E-003
 TimeIncrement:    0.4865E-003
Calculation of load step     83
 MaxWaveSpeed :    0.9063E+003
 MinTimeStep  :    0.5406E-003
 TimeIncrement:    0.4865E-003
Calculation of load step     84
 MaxWaveSpeed :    0.9063E+003
 MinTimeStep  :    0.5407E-003
 TimeIncrement:    0.4866E-003
Calculation of load step     85
 MaxWaveSpeed :    0.9063E+003
 MinTimeStep  :    0.5408E-003
 TimeIncrement:    0.4867E-003
Calculation of load step     86
 MaxWaveSpeed :    0.9063E+003
 MinTimeStep  :    0.5408E-003
 TimeIncrement:    0.4868E-003
Calculation of load step     87
 MaxWaveSpeed :    0.9063E+003
 MinTimeStep  :    0.5409E-003
 TimeIncrement:    0.4868E-003
Calculation of load step     88
 MaxWaveSpeed :    0.9063E+003
 MinTimeStep  :    0.5410E-003
 TimeIncrement:    0.4869E-003
Calculation of load step     89
 MaxWaveSpeed :    0.9063E+003
 MinTimeStep  :    0.5410E-003
 TimeIncrement:    0.4869E-003
Calculation of load step     90
 MaxWaveSpeed :    0.9063E+003
 MinTimeStep  :    0.5411E-003
 TimeIncrement:    0.4870E-003
Calculation of load step     91
 MaxWaveSpeed :    0.9063E+003
 MinTimeStep  :    0.5411E-003
 TimeIncrement:    0.4870E-003
Calculation of load step     92
 MaxWaveSpeed :    0.9063E+003
 MinTimeStep  :    0.5411E-003
 TimeIncrement:    0.4870E-003
Calculation of load step     93
 MaxWaveSpeed :    0.9063E+003
 MinTimeStep  :    0.5411E-003
 TimeIncrement:    0.4870E-003
Calculation of load step     94
 MaxWaveSpeed :    0.9063E+003
 MinTimeStep  :    0.5411E-003
 TimeIncrement:    0.4870E-003
Calculation of load step     95
 MaxWaveSpeed :    0.9063E+003
 MinTimeStep  :    0.5412E-003
 TimeIncrement:    0.4870E-003
Calculation of load step     96
 MaxWaveSpeed :    0.9063E+003
 MinTimeStep  :    0.5411E-003
 TimeIncrement:    0.4870E-003
Calculation of load step     97
 MaxWaveSpeed :    0.9063E+003
 MinTimeStep  :    0.5412E-003
 TimeIncrement:    0.4870E-003
Calculation of load step     98
 MaxWaveSpeed :    0.9063E+003
 MinTimeStep  :    0.5412E-003
 TimeIncrement:    0.4870E-003
Calculation of load step     99
 MaxWaveSpeed :    0.9063E+003
 MinTimeStep  :    0.5412E-003
 TimeIncrement:    0.4870E-003
Calculation of load step    100
 MaxWaveSpeed :    0.9063E+003
 MinTimeStep  :    0.5412E-003
 TimeIncrement:    0.4871E-003
  Item  Name of subroutine/function/procedure        Times Time per call Total time (se Percentage
     1| Main                                    |        1|   0.8308E+005|   0.8308E+005|100.00%
     2| Initialisation                          |        1|   0.0000E+000|   0.0000E+000|  0.00%
     3| LoadStep                                |       69|   0.4250E+004|   0.2933E+006|352.97%
     4| WriteResults                            |       69|   0.1534E+003|   0.1059E+005| 12.74%
Calculation finished.
