
Anura3D: Numerical modelling and simulation of large deformationsand soil–water–structure interaction using the material point method (MPM)
Kernel name       : Anura3D_2024.exe
Kernel version    : 2024.1.0.10179
Last update date  : 2024-06-26 15:36:42 +0200 (Wed, 26 Jun 2024)
Last compiled date: 2024-06-27 16:03:50.850

Project name: 22_Slope_Simulation
Reading CPS file: 22_Slope_Simulation.CPS_073
Reading... ### Anura3D_2021 ###
[WARNING] : (time step:      1) CPS file: $$MAXIMUM_TIME_STEPS is larger than 100 000.
[WARNING] : (time step:      1) Unknown flag in CPS file: $$UPDATE_PERMEABILITY_DARCY_ERGUN
Reading MAT_INFO file (Materials): 22_Slope_Simulation.MAT_INFO
Reading... ### Anura3D_2022 ###
[WARNING] : (time step:      1) GOM file: Non-default value for $$BULK_MODULUS_LIQUID (MATERIAL: ESM_MCSS).
Darcy permeability is    0.1000E-002 (MATERIAL: ESM_MCSS).
Loading constitutive model... external_soil_model
[WARNING] : (time step:      1) GOM file: Non-default value for $$BULK_MODULUS_LIQUID (MATERIAL: ESM_MCSS).
Darcy permeability is    0.1000E-002 (MATERIAL: ESM_MCSS).
Loading constitutive model... external_soil_model
Reading GOM file (Geometry): 22_Slope_Simulation.GOM
Reading... ### Anura3D_2024 ###
Calculation of load step     73
 MaxWaveSpeed :    0.9052E+003
 MinTimeStep  :    0.4136E-003
 TimeIncrement:    0.3723E-003
