
Anura3D: Numerical modelling and simulation of large deformationsand soil–water–structure interaction using the material point method (MPM)
Kernel name       : Anura3D_2024.exe
Kernel version    : 2024.1.0.10179
Last update date  : 2024-06-26 15:36:42 +0200 (Wed, 26 Jun 2024)
Last compiled date: 2024-06-27 16:03:50.850

Project name: 22_Slope_Simulation
Reading CPS file: 22_Slope_Simulation.CPS_032
Reading... ### Anura3D_2021 ###
[WARNING] : (time step:      1) CPS file: $$MAXIMUM_TIME_STEPS is larger than 100 000.
[WARNING] : (time step:      1) Unknown flag in CPS file: $$UPDATE_PERMEABILITY_DARCY_ERGUN
Reading MAT_INFO file (Materials): 22_Slope_Simulation.MAT_INFO
Reading... ### Anura3D_2022 ###
[WARNING] : (time step:      1) GOM file: Non-default value for $$BULK_MODULUS_LIQUID (MATERIAL: ESM_MCSS).
Darcy permeability is    0.1000E-002 (MATERIAL: ESM_MCSS).
Loading constitutive model... external_soil_model
[WARNING] : (time step:      1) GOM file: Non-default value for $$BULK_MODULUS_LIQUID (MATERIAL: ESM_MCSS).
Darcy permeability is    0.1000E-002 (MATERIAL: ESM_MCSS).
Loading constitutive model... external_soil_model
Reading GOM file (Geometry): 22_Slope_Simulation.GOM
Reading... ### Anura3D_2024 ###
Calculation of load step     32
 MaxWaveSpeed :    0.9051E+003
 MinTimeStep  :    0.3575E-003
 TimeIncrement:    0.3218E-003
Calculation of load step     33
 MaxWaveSpeed :    0.9051E+003
 MinTimeStep  :    0.3575E-003
 TimeIncrement:    0.3218E-003
Calculation of load step     34
 MaxWaveSpeed :    0.9050E+003
 MinTimeStep  :    0.3575E-003
 TimeIncrement:    0.3218E-003
Calculation of load step     35
 MaxWaveSpeed :    0.9050E+003
 MinTimeStep  :    0.3575E-003
 TimeIncrement:    0.3218E-003
Calculation of load step     36
 MaxWaveSpeed :    0.9050E+003
 MinTimeStep  :    0.3575E-003
 TimeIncrement:    0.3218E-003
Calculation of load step     37
 MaxWaveSpeed :    0.9050E+003
 MinTimeStep  :    0.3575E-003
 TimeIncrement:    0.3218E-003
Calculation of load step     38
 MaxWaveSpeed :    0.9050E+003
 MinTimeStep  :    0.3575E-003
 TimeIncrement:    0.3218E-003
Calculation of load step     39
 MaxWaveSpeed :    0.9052E+003
 MinTimeStep  :    0.3575E-003
 TimeIncrement:    0.3218E-003
Calculation of load step     40
 MaxWaveSpeed :    0.9052E+003
 MinTimeStep  :    0.3575E-003
 TimeIncrement:    0.3218E-003
Calculation of load step     41
 MaxWaveSpeed :    0.9052E+003
 MinTimeStep  :    0.3575E-003
 TimeIncrement:    0.3218E-003
Calculation of load step     42
 MaxWaveSpeed :    0.9052E+003
 MinTimeStep  :    0.3575E-003
 TimeIncrement:    0.3218E-003
Calculation of load step     43
 MaxWaveSpeed :    0.9051E+003
 MinTimeStep  :    0.3575E-003
 TimeIncrement:    0.3218E-003
Calculation of load step     44
 MaxWaveSpeed :    0.9051E+003
 MinTimeStep  :    0.3575E-003
 TimeIncrement:    0.3218E-003
Calculation of load step     45
 MaxWaveSpeed :    0.9043E+003
 MinTimeStep  :    0.3575E-003
 TimeIncrement:    0.3218E-003
Calculation of load step     46
 MaxWaveSpeed :    0.9044E+003
 MinTimeStep  :    0.3575E-003
 TimeIncrement:    0.3218E-003
Calculation of load step     47
 MaxWaveSpeed :    0.9045E+003
 MinTimeStep  :    0.3575E-003
 TimeIncrement:    0.3218E-003
Calculation of load step     48
 MaxWaveSpeed :    0.9045E+003
 MinTimeStep  :    0.3575E-003
 TimeIncrement:    0.3218E-003
Calculation of load step     49
 MaxWaveSpeed :    0.9046E+003
 MinTimeStep  :    0.3575E-003
 TimeIncrement:    0.3218E-003
Calculation of load step     50
 MaxWaveSpeed :    0.9046E+003
 MinTimeStep  :    0.3575E-003
 TimeIncrement:    0.3218E-003
Calculation of load step     51
 MaxWaveSpeed :    0.9046E+003
 MinTimeStep  :    0.3575E-003
 TimeIncrement:    0.3218E-003
Calculation of load step     52
 MaxWaveSpeed :    0.9048E+003
 MinTimeStep  :    0.3575E-003
 TimeIncrement:    0.3218E-003
Calculation of load step     53
 MaxWaveSpeed :    0.9049E+003
 MinTimeStep  :    0.3575E-003
 TimeIncrement:    0.3218E-003
Calculation of load step     54
 MaxWaveSpeed :    0.9048E+003
 MinTimeStep  :    0.3575E-003
 TimeIncrement:    0.3218E-003
Calculation of load step     55
 MaxWaveSpeed :    0.9047E+003
 MinTimeStep  :    0.3575E-003
 TimeIncrement:    0.3218E-003
Calculation of load step     56
 MaxWaveSpeed :    0.9048E+003
 MinTimeStep  :    0.3575E-003
 TimeIncrement:    0.3218E-003
Calculation of load step     57
 MaxWaveSpeed :    0.9045E+003
 MinTimeStep  :    0.3575E-003
 TimeIncrement:    0.3218E-003
Calculation of load step     58
 MaxWaveSpeed :    0.9049E+003
 MinTimeStep  :    0.3575E-003
 TimeIncrement:    0.3218E-003
Calculation of load step     59
 MaxWaveSpeed :    0.9050E+003
 MinTimeStep  :    0.3575E-003
 TimeIncrement:    0.3218E-003
Calculation of load step     60
 MaxWaveSpeed :    0.9049E+003
 MinTimeStep  :    0.3575E-003
 TimeIncrement:    0.3218E-003
Calculation of load step     61
 MaxWaveSpeed :    0.9050E+003
 MinTimeStep  :    0.3575E-003
 TimeIncrement:    0.3218E-003
Calculation of load step     62
 MaxWaveSpeed :    0.9049E+003
 MinTimeStep  :    0.3575E-003
 TimeIncrement:    0.3218E-003
Calculation of load step     63
 MaxWaveSpeed :    0.9049E+003
 MinTimeStep  :    0.3575E-003
 TimeIncrement:    0.3218E-003
Calculation of load step     64
 MaxWaveSpeed :    0.9049E+003
 MinTimeStep  :    0.3575E-003
 TimeIncrement:    0.3218E-003
Calculation of load step     65
 MaxWaveSpeed :    0.9049E+003
 MinTimeStep  :    0.3575E-003
 TimeIncrement:    0.3218E-003
Calculation of load step     66
 MaxWaveSpeed :    0.9049E+003
 MinTimeStep  :    0.3575E-003
 TimeIncrement:    0.3218E-003
Calculation of load step     67
 MaxWaveSpeed :    0.9050E+003
 MinTimeStep  :    0.3575E-003
 TimeIncrement:    0.3218E-003
Calculation of load step     68
 MaxWaveSpeed :    0.9050E+003
 MinTimeStep  :    0.3575E-003
 TimeIncrement:    0.3218E-003
Calculation of load step     69
 MaxWaveSpeed :    0.9049E+003
 MinTimeStep  :    0.3575E-003
 TimeIncrement:    0.3218E-003
Calculation of load step     70
 MaxWaveSpeed :    0.9049E+003
 MinTimeStep  :    0.3575E-003
 TimeIncrement:    0.3218E-003
Calculation of load step     71
 MaxWaveSpeed :    0.9049E+003
 MinTimeStep  :    0.3575E-003
 TimeIncrement:    0.3218E-003
Calculation of load step     72
 MaxWaveSpeed :    0.9049E+003
 MinTimeStep  :    0.3575E-003
 TimeIncrement:    0.3218E-003
Calculation of load step     73
 MaxWaveSpeed :    0.9049E+003
 MinTimeStep  :    0.3575E-003
 TimeIncrement:    0.3218E-003
